<html>
<body>
<pre>
<h1>µVision Build Log</h1>
<h2>Project:</h2>
C:\ti\TivaWare_C_Series-2.1.0.12573\examples\boards\ek-tm4c123gxl\HESP\HESP.uvproj
Project File Date:  05/06/2016

<h2>Output:</h2>
Rebuild Project 'HESP' - Target 'uart_echo'
compiling uart_echo.c...
compiling uart0stdio.c...
compiling uart1stdio.c...
assembling startup_rvmdk.S...
linking...
Program Size: Code=17692 RO-data=2148 RW-data=1644 ZI-data=19612  
After Build - User command #1: fromelf --bin --output .\rvmdk\uart_echo.bin .\rvmdk\uart_echo.axf
".\rvmdk\HESP.axf" - 0 Error(s), 0 Warning(s).
Load "C:\\ti\\TivaWare_C_Series-2.1.0.12573\\examples\\boards\\ek-tm4c123gxl\\HESP\\rvmdk\\HESP.axf" 
Connecting: Mode=JTAG, Speed=1000000Hz
Erase Done.
Programming Done.
Verify OK.
Load "C:\\ti\\TivaWare_C_Series-2.1.0.12573\\examples\\boards\\ek-tm4c123gxl\\HESP\\rvmdk\\HESP.axf" 
Connecting: Mode=JTAG, Speed=1000000Hz
Erase Done.
Programming Done.
Verify OK.
HESP.axf" 
Connecting: Mode=JTAG, Speed=1000000Hz
Erase Done.
Programming Done.
Verify OK.
